../Core/Src/main.c:100:1:__io_putchar	16	static
../Core/Src/main.c:108:6:float_to_str	48	static
../Core/Src/main.c:131:5:main	48	static
../Core/Src/main.c:206:6:SystemClock_Config	88	static
../Core/Src/main.c:250:13:MX_LPUART1_UART_Init	8	static
../Core/Src/main.c:294:13:MX_TIM1_Init	104	static
../Core/Src/main.c:364:13:MX_TIM2_Init	56	static
../Core/Src/main.c:411:13:MX_TIM6_Init	24	static
../Core/Src/main.c:447:13:MX_TIM7_Init	24	static
../Core/Src/main.c:483:13:MX_TIM16_Init	8	static
../Core/Src/main.c:514:13:MX_DMA_Init	16	static
../Core/Src/main.c:535:13:MX_GPIO_Init	48	static
../Core/Src/main.c:589:6:HAL_TIM_PeriodElapsedCallback	40	static
../Core/Src/main.c:627:6:HAL_UART_RxCpltCallback	24	static
../Core/Src/main.c:674:6:Error_Handler	4	static,ignoring_inline_asm
